exports[`TodoList component Tests with 0 todos Renders correctly 1`] = `
<div
  className="todo-list-component">
  <Relay(TodoItem)
    todo={
      Object {
        "content": "similique sed corporis voluptatem dolores esse soluta",
        "id": "624",
      }
    }
    user={
      Object {
        "todos": Object {
          "edges": Array [
            Object {
              "node": Object {
                "content": "similique sed corporis voluptatem dolores esse soluta",
                "id": "624",
              },
            },
            Object {
              "node": Object {
                "content": "repudiandae magnam aut atque dolores voluptatibus ut",
                "id": "866",
              },
            },
            Object {
              "node": Object {
                "content": "iusto laborum placeat quia deleniti dolorem quibusdam",
                "id": "519",
              },
            },
            Object {
              "node": Object {
                "content": "veniam perspiciatis et nisi aut corporis nisi",
                "id": "603",
              },
            },
            Object {
              "node": Object {
                "content": "est soluta accusamus officiis ut excepturi blanditiis",
                "id": "417",
              },
            },
            Object {
              "node": Object {
                "content": "enim qui quo fuga enim tempore non",
                "id": "669",
              },
            },
            Object {
              "node": Object {
                "content": "quia dicta ipsam omnis necessitatibus et sit",
                "id": "842",
              },
            },
            Object {
              "node": Object {
                "content": "dolores sunt numquam aspernatur occaecati rerum neque",
                "id": "194",
              },
            },
            Object {
              "node": Object {
                "content": "sint quisquam asperiores sit voluptatum deserunt enim",
                "id": "627",
              },
            },
            Object {
              "node": Object {
                "content": "molestias nesciunt veniam sequi omnis eligendi aut",
                "id": "557",
              },
            },
          ],
        },
      }
    } />
  <Relay(TodoItem)
    todo={
      Object {
        "content": "repudiandae magnam aut atque dolores voluptatibus ut",
        "id": "866",
      }
    }
    user={
      Object {
        "todos": Object {
          "edges": Array [
            Object {
              "node": Object {
                "content": "similique sed corporis voluptatem dolores esse soluta",
                "id": "624",
              },
            },
            Object {
              "node": Object {
                "content": "repudiandae magnam aut atque dolores voluptatibus ut",
                "id": "866",
              },
            },
            Object {
              "node": Object {
                "content": "iusto laborum placeat quia deleniti dolorem quibusdam",
                "id": "519",
              },
            },
            Object {
              "node": Object {
                "content": "veniam perspiciatis et nisi aut corporis nisi",
                "id": "603",
              },
            },
            Object {
              "node": Object {
                "content": "est soluta accusamus officiis ut excepturi blanditiis",
                "id": "417",
              },
            },
            Object {
              "node": Object {
                "content": "enim qui quo fuga enim tempore non",
                "id": "669",
              },
            },
            Object {
              "node": Object {
                "content": "quia dicta ipsam omnis necessitatibus et sit",
                "id": "842",
              },
            },
            Object {
              "node": Object {
                "content": "dolores sunt numquam aspernatur occaecati rerum neque",
                "id": "194",
              },
            },
            Object {
              "node": Object {
                "content": "sint quisquam asperiores sit voluptatum deserunt enim",
                "id": "627",
              },
            },
            Object {
              "node": Object {
                "content": "molestias nesciunt veniam sequi omnis eligendi aut",
                "id": "557",
              },
            },
          ],
        },
      }
    } />
  <Relay(TodoItem)
    todo={
      Object {
        "content": "iusto laborum placeat quia deleniti dolorem quibusdam",
        "id": "519",
      }
    }
    user={
      Object {
        "todos": Object {
          "edges": Array [
            Object {
              "node": Object {
                "content": "similique sed corporis voluptatem dolores esse soluta",
                "id": "624",
              },
            },
            Object {
              "node": Object {
                "content": "repudiandae magnam aut atque dolores voluptatibus ut",
                "id": "866",
              },
            },
            Object {
              "node": Object {
                "content": "iusto laborum placeat quia deleniti dolorem quibusdam",
                "id": "519",
              },
            },
            Object {
              "node": Object {
                "content": "veniam perspiciatis et nisi aut corporis nisi",
                "id": "603",
              },
            },
            Object {
              "node": Object {
                "content": "est soluta accusamus officiis ut excepturi blanditiis",
                "id": "417",
              },
            },
            Object {
              "node": Object {
                "content": "enim qui quo fuga enim tempore non",
                "id": "669",
              },
            },
            Object {
              "node": Object {
                "content": "quia dicta ipsam omnis necessitatibus et sit",
                "id": "842",
              },
            },
            Object {
              "node": Object {
                "content": "dolores sunt numquam aspernatur occaecati rerum neque",
                "id": "194",
              },
            },
            Object {
              "node": Object {
                "content": "sint quisquam asperiores sit voluptatum deserunt enim",
                "id": "627",
              },
            },
            Object {
              "node": Object {
                "content": "molestias nesciunt veniam sequi omnis eligendi aut",
                "id": "557",
              },
            },
          ],
        },
      }
    } />
  <Relay(TodoItem)
    todo={
      Object {
        "content": "veniam perspiciatis et nisi aut corporis nisi",
        "id": "603",
      }
    }
    user={
      Object {
        "todos": Object {
          "edges": Array [
            Object {
              "node": Object {
                "content": "similique sed corporis voluptatem dolores esse soluta",
                "id": "624",
              },
            },
            Object {
              "node": Object {
                "content": "repudiandae magnam aut atque dolores voluptatibus ut",
                "id": "866",
              },
            },
            Object {
              "node": Object {
                "content": "iusto laborum placeat quia deleniti dolorem quibusdam",
                "id": "519",
              },
            },
            Object {
              "node": Object {
                "content": "veniam perspiciatis et nisi aut corporis nisi",
                "id": "603",
              },
            },
            Object {
              "node": Object {
                "content": "est soluta accusamus officiis ut excepturi blanditiis",
                "id": "417",
              },
            },
            Object {
              "node": Object {
                "content": "enim qui quo fuga enim tempore non",
                "id": "669",
              },
            },
            Object {
              "node": Object {
                "content": "quia dicta ipsam omnis necessitatibus et sit",
                "id": "842",
              },
            },
            Object {
              "node": Object {
                "content": "dolores sunt numquam aspernatur occaecati rerum neque",
                "id": "194",
              },
            },
            Object {
              "node": Object {
                "content": "sint quisquam asperiores sit voluptatum deserunt enim",
                "id": "627",
              },
            },
            Object {
              "node": Object {
                "content": "molestias nesciunt veniam sequi omnis eligendi aut",
                "id": "557",
              },
            },
          ],
        },
      }
    } />
  <Relay(TodoItem)
    todo={
      Object {
        "content": "est soluta accusamus officiis ut excepturi blanditiis",
        "id": "417",
      }
    }
    user={
      Object {
        "todos": Object {
          "edges": Array [
            Object {
              "node": Object {
                "content": "similique sed corporis voluptatem dolores esse soluta",
                "id": "624",
              },
            },
            Object {
              "node": Object {
                "content": "repudiandae magnam aut atque dolores voluptatibus ut",
                "id": "866",
              },
            },
            Object {
              "node": Object {
                "content": "iusto laborum placeat quia deleniti dolorem quibusdam",
                "id": "519",
              },
            },
            Object {
              "node": Object {
                "content": "veniam perspiciatis et nisi aut corporis nisi",
                "id": "603",
              },
            },
            Object {
              "node": Object {
                "content": "est soluta accusamus officiis ut excepturi blanditiis",
                "id": "417",
              },
            },
            Object {
              "node": Object {
                "content": "enim qui quo fuga enim tempore non",
                "id": "669",
              },
            },
            Object {
              "node": Object {
                "content": "quia dicta ipsam omnis necessitatibus et sit",
                "id": "842",
              },
            },
            Object {
              "node": Object {
                "content": "dolores sunt numquam aspernatur occaecati rerum neque",
                "id": "194",
              },
            },
            Object {
              "node": Object {
                "content": "sint quisquam asperiores sit voluptatum deserunt enim",
                "id": "627",
              },
            },
            Object {
              "node": Object {
                "content": "molestias nesciunt veniam sequi omnis eligendi aut",
                "id": "557",
              },
            },
          ],
        },
      }
    } />
  <Relay(TodoItem)
    todo={
      Object {
        "content": "enim qui quo fuga enim tempore non",
        "id": "669",
      }
    }
    user={
      Object {
        "todos": Object {
          "edges": Array [
            Object {
              "node": Object {
                "content": "similique sed corporis voluptatem dolores esse soluta",
                "id": "624",
              },
            },
            Object {
              "node": Object {
                "content": "repudiandae magnam aut atque dolores voluptatibus ut",
                "id": "866",
              },
            },
            Object {
              "node": Object {
                "content": "iusto laborum placeat quia deleniti dolorem quibusdam",
                "id": "519",
              },
            },
            Object {
              "node": Object {
                "content": "veniam perspiciatis et nisi aut corporis nisi",
                "id": "603",
              },
            },
            Object {
              "node": Object {
                "content": "est soluta accusamus officiis ut excepturi blanditiis",
                "id": "417",
              },
            },
            Object {
              "node": Object {
                "content": "enim qui quo fuga enim tempore non",
                "id": "669",
              },
            },
            Object {
              "node": Object {
                "content": "quia dicta ipsam omnis necessitatibus et sit",
                "id": "842",
              },
            },
            Object {
              "node": Object {
                "content": "dolores sunt numquam aspernatur occaecati rerum neque",
                "id": "194",
              },
            },
            Object {
              "node": Object {
                "content": "sint quisquam asperiores sit voluptatum deserunt enim",
                "id": "627",
              },
            },
            Object {
              "node": Object {
                "content": "molestias nesciunt veniam sequi omnis eligendi aut",
                "id": "557",
              },
            },
          ],
        },
      }
    } />
  <Relay(TodoItem)
    todo={
      Object {
        "content": "quia dicta ipsam omnis necessitatibus et sit",
        "id": "842",
      }
    }
    user={
      Object {
        "todos": Object {
          "edges": Array [
            Object {
              "node": Object {
                "content": "similique sed corporis voluptatem dolores esse soluta",
                "id": "624",
              },
            },
            Object {
              "node": Object {
                "content": "repudiandae magnam aut atque dolores voluptatibus ut",
                "id": "866",
              },
            },
            Object {
              "node": Object {
                "content": "iusto laborum placeat quia deleniti dolorem quibusdam",
                "id": "519",
              },
            },
            Object {
              "node": Object {
                "content": "veniam perspiciatis et nisi aut corporis nisi",
                "id": "603",
              },
            },
            Object {
              "node": Object {
                "content": "est soluta accusamus officiis ut excepturi blanditiis",
                "id": "417",
              },
            },
            Object {
              "node": Object {
                "content": "enim qui quo fuga enim tempore non",
                "id": "669",
              },
            },
            Object {
              "node": Object {
                "content": "quia dicta ipsam omnis necessitatibus et sit",
                "id": "842",
              },
            },
            Object {
              "node": Object {
                "content": "dolores sunt numquam aspernatur occaecati rerum neque",
                "id": "194",
              },
            },
            Object {
              "node": Object {
                "content": "sint quisquam asperiores sit voluptatum deserunt enim",
                "id": "627",
              },
            },
            Object {
              "node": Object {
                "content": "molestias nesciunt veniam sequi omnis eligendi aut",
                "id": "557",
              },
            },
          ],
        },
      }
    } />
  <Relay(TodoItem)
    todo={
      Object {
        "content": "dolores sunt numquam aspernatur occaecati rerum neque",
        "id": "194",
      }
    }
    user={
      Object {
        "todos": Object {
          "edges": Array [
            Object {
              "node": Object {
                "content": "similique sed corporis voluptatem dolores esse soluta",
                "id": "624",
              },
            },
            Object {
              "node": Object {
                "content": "repudiandae magnam aut atque dolores voluptatibus ut",
                "id": "866",
              },
            },
            Object {
              "node": Object {
                "content": "iusto laborum placeat quia deleniti dolorem quibusdam",
                "id": "519",
              },
            },
            Object {
              "node": Object {
                "content": "veniam perspiciatis et nisi aut corporis nisi",
                "id": "603",
              },
            },
            Object {
              "node": Object {
                "content": "est soluta accusamus officiis ut excepturi blanditiis",
                "id": "417",
              },
            },
            Object {
              "node": Object {
                "content": "enim qui quo fuga enim tempore non",
                "id": "669",
              },
            },
            Object {
              "node": Object {
                "content": "quia dicta ipsam omnis necessitatibus et sit",
                "id": "842",
              },
            },
            Object {
              "node": Object {
                "content": "dolores sunt numquam aspernatur occaecati rerum neque",
                "id": "194",
              },
            },
            Object {
              "node": Object {
                "content": "sint quisquam asperiores sit voluptatum deserunt enim",
                "id": "627",
              },
            },
            Object {
              "node": Object {
                "content": "molestias nesciunt veniam sequi omnis eligendi aut",
                "id": "557",
              },
            },
          ],
        },
      }
    } />
  <Relay(TodoItem)
    todo={
      Object {
        "content": "sint quisquam asperiores sit voluptatum deserunt enim",
        "id": "627",
      }
    }
    user={
      Object {
        "todos": Object {
          "edges": Array [
            Object {
              "node": Object {
                "content": "similique sed corporis voluptatem dolores esse soluta",
                "id": "624",
              },
            },
            Object {
              "node": Object {
                "content": "repudiandae magnam aut atque dolores voluptatibus ut",
                "id": "866",
              },
            },
            Object {
              "node": Object {
                "content": "iusto laborum placeat quia deleniti dolorem quibusdam",
                "id": "519",
              },
            },
            Object {
              "node": Object {
                "content": "veniam perspiciatis et nisi aut corporis nisi",
                "id": "603",
              },
            },
            Object {
              "node": Object {
                "content": "est soluta accusamus officiis ut excepturi blanditiis",
                "id": "417",
              },
            },
            Object {
              "node": Object {
                "content": "enim qui quo fuga enim tempore non",
                "id": "669",
              },
            },
            Object {
              "node": Object {
                "content": "quia dicta ipsam omnis necessitatibus et sit",
                "id": "842",
              },
            },
            Object {
              "node": Object {
                "content": "dolores sunt numquam aspernatur occaecati rerum neque",
                "id": "194",
              },
            },
            Object {
              "node": Object {
                "content": "sint quisquam asperiores sit voluptatum deserunt enim",
                "id": "627",
              },
            },
            Object {
              "node": Object {
                "content": "molestias nesciunt veniam sequi omnis eligendi aut",
                "id": "557",
              },
            },
          ],
        },
      }
    } />
  <Relay(TodoItem)
    todo={
      Object {
        "content": "molestias nesciunt veniam sequi omnis eligendi aut",
        "id": "557",
      }
    }
    user={
      Object {
        "todos": Object {
          "edges": Array [
            Object {
              "node": Object {
                "content": "similique sed corporis voluptatem dolores esse soluta",
                "id": "624",
              },
            },
            Object {
              "node": Object {
                "content": "repudiandae magnam aut atque dolores voluptatibus ut",
                "id": "866",
              },
            },
            Object {
              "node": Object {
                "content": "iusto laborum placeat quia deleniti dolorem quibusdam",
                "id": "519",
              },
            },
            Object {
              "node": Object {
                "content": "veniam perspiciatis et nisi aut corporis nisi",
                "id": "603",
              },
            },
            Object {
              "node": Object {
                "content": "est soluta accusamus officiis ut excepturi blanditiis",
                "id": "417",
              },
            },
            Object {
              "node": Object {
                "content": "enim qui quo fuga enim tempore non",
                "id": "669",
              },
            },
            Object {
              "node": Object {
                "content": "quia dicta ipsam omnis necessitatibus et sit",
                "id": "842",
              },
            },
            Object {
              "node": Object {
                "content": "dolores sunt numquam aspernatur occaecati rerum neque",
                "id": "194",
              },
            },
            Object {
              "node": Object {
                "content": "sint quisquam asperiores sit voluptatum deserunt enim",
                "id": "627",
              },
            },
            Object {
              "node": Object {
                "content": "molestias nesciunt veniam sequi omnis eligendi aut",
                "id": "557",
              },
            },
          ],
        },
      }
    } />
</div>
`;

exports[`TodoList component Tests with 10 todos Renders correctly 1`] = `
<div
  className="todo-list-component">
  <Relay(TodoItem)
    todo={
      Object {
        "content": "quo quis molestiae tempora est omnis porro",
        "id": "696",
      }
    }
    user={
      Object {
        "todos": Object {
          "edges": Array [
            Object {
              "node": Object {
                "content": "quo quis molestiae tempora est omnis porro",
                "id": "696",
              },
            },
            Object {
              "node": Object {
                "content": "quos nihil omnis reiciendis velit nobis culpa",
                "id": "719",
              },
            },
            Object {
              "node": Object {
                "content": "qui reprehenderit in nisi et qui quia",
                "id": "481",
              },
            },
            Object {
              "node": Object {
                "content": "dolore veritatis eligendi in deserunt id harum",
                "id": "439",
              },
            },
            Object {
              "node": Object {
                "content": "odio dolor dicta provident quo provident molestiae",
                "id": "182",
              },
            },
            Object {
              "node": Object {
                "content": "ullam pariatur quos est quod laborum ea",
                "id": "634",
              },
            },
            Object {
              "node": Object {
                "content": "esse quia et commodi autem incidunt ut",
                "id": "722",
              },
            },
            Object {
              "node": Object {
                "content": "maiores et voluptas explicabo omnis iusto doloremque",
                "id": "294",
              },
            },
            Object {
              "node": Object {
                "content": "quia quos sequi molestiae beatae enim necessitatibus",
                "id": "431",
              },
            },
            Object {
              "node": Object {
                "content": "placeat saepe eligendi earum excepturi et laudantium",
                "id": "426",
              },
            },
          ],
        },
      }
    } />
  <Relay(TodoItem)
    todo={
      Object {
        "content": "quos nihil omnis reiciendis velit nobis culpa",
        "id": "719",
      }
    }
    user={
      Object {
        "todos": Object {
          "edges": Array [
            Object {
              "node": Object {
                "content": "quo quis molestiae tempora est omnis porro",
                "id": "696",
              },
            },
            Object {
              "node": Object {
                "content": "quos nihil omnis reiciendis velit nobis culpa",
                "id": "719",
              },
            },
            Object {
              "node": Object {
                "content": "qui reprehenderit in nisi et qui quia",
                "id": "481",
              },
            },
            Object {
              "node": Object {
                "content": "dolore veritatis eligendi in deserunt id harum",
                "id": "439",
              },
            },
            Object {
              "node": Object {
                "content": "odio dolor dicta provident quo provident molestiae",
                "id": "182",
              },
            },
            Object {
              "node": Object {
                "content": "ullam pariatur quos est quod laborum ea",
                "id": "634",
              },
            },
            Object {
              "node": Object {
                "content": "esse quia et commodi autem incidunt ut",
                "id": "722",
              },
            },
            Object {
              "node": Object {
                "content": "maiores et voluptas explicabo omnis iusto doloremque",
                "id": "294",
              },
            },
            Object {
              "node": Object {
                "content": "quia quos sequi molestiae beatae enim necessitatibus",
                "id": "431",
              },
            },
            Object {
              "node": Object {
                "content": "placeat saepe eligendi earum excepturi et laudantium",
                "id": "426",
              },
            },
          ],
        },
      }
    } />
  <Relay(TodoItem)
    todo={
      Object {
        "content": "qui reprehenderit in nisi et qui quia",
        "id": "481",
      }
    }
    user={
      Object {
        "todos": Object {
          "edges": Array [
            Object {
              "node": Object {
                "content": "quo quis molestiae tempora est omnis porro",
                "id": "696",
              },
            },
            Object {
              "node": Object {
                "content": "quos nihil omnis reiciendis velit nobis culpa",
                "id": "719",
              },
            },
            Object {
              "node": Object {
                "content": "qui reprehenderit in nisi et qui quia",
                "id": "481",
              },
            },
            Object {
              "node": Object {
                "content": "dolore veritatis eligendi in deserunt id harum",
                "id": "439",
              },
            },
            Object {
              "node": Object {
                "content": "odio dolor dicta provident quo provident molestiae",
                "id": "182",
              },
            },
            Object {
              "node": Object {
                "content": "ullam pariatur quos est quod laborum ea",
                "id": "634",
              },
            },
            Object {
              "node": Object {
                "content": "esse quia et commodi autem incidunt ut",
                "id": "722",
              },
            },
            Object {
              "node": Object {
                "content": "maiores et voluptas explicabo omnis iusto doloremque",
                "id": "294",
              },
            },
            Object {
              "node": Object {
                "content": "quia quos sequi molestiae beatae enim necessitatibus",
                "id": "431",
              },
            },
            Object {
              "node": Object {
                "content": "placeat saepe eligendi earum excepturi et laudantium",
                "id": "426",
              },
            },
          ],
        },
      }
    } />
  <Relay(TodoItem)
    todo={
      Object {
        "content": "dolore veritatis eligendi in deserunt id harum",
        "id": "439",
      }
    }
    user={
      Object {
        "todos": Object {
          "edges": Array [
            Object {
              "node": Object {
                "content": "quo quis molestiae tempora est omnis porro",
                "id": "696",
              },
            },
            Object {
              "node": Object {
                "content": "quos nihil omnis reiciendis velit nobis culpa",
                "id": "719",
              },
            },
            Object {
              "node": Object {
                "content": "qui reprehenderit in nisi et qui quia",
                "id": "481",
              },
            },
            Object {
              "node": Object {
                "content": "dolore veritatis eligendi in deserunt id harum",
                "id": "439",
              },
            },
            Object {
              "node": Object {
                "content": "odio dolor dicta provident quo provident molestiae",
                "id": "182",
              },
            },
            Object {
              "node": Object {
                "content": "ullam pariatur quos est quod laborum ea",
                "id": "634",
              },
            },
            Object {
              "node": Object {
                "content": "esse quia et commodi autem incidunt ut",
                "id": "722",
              },
            },
            Object {
              "node": Object {
                "content": "maiores et voluptas explicabo omnis iusto doloremque",
                "id": "294",
              },
            },
            Object {
              "node": Object {
                "content": "quia quos sequi molestiae beatae enim necessitatibus",
                "id": "431",
              },
            },
            Object {
              "node": Object {
                "content": "placeat saepe eligendi earum excepturi et laudantium",
                "id": "426",
              },
            },
          ],
        },
      }
    } />
  <Relay(TodoItem)
    todo={
      Object {
        "content": "odio dolor dicta provident quo provident molestiae",
        "id": "182",
      }
    }
    user={
      Object {
        "todos": Object {
          "edges": Array [
            Object {
              "node": Object {
                "content": "quo quis molestiae tempora est omnis porro",
                "id": "696",
              },
            },
            Object {
              "node": Object {
                "content": "quos nihil omnis reiciendis velit nobis culpa",
                "id": "719",
              },
            },
            Object {
              "node": Object {
                "content": "qui reprehenderit in nisi et qui quia",
                "id": "481",
              },
            },
            Object {
              "node": Object {
                "content": "dolore veritatis eligendi in deserunt id harum",
                "id": "439",
              },
            },
            Object {
              "node": Object {
                "content": "odio dolor dicta provident quo provident molestiae",
                "id": "182",
              },
            },
            Object {
              "node": Object {
                "content": "ullam pariatur quos est quod laborum ea",
                "id": "634",
              },
            },
            Object {
              "node": Object {
                "content": "esse quia et commodi autem incidunt ut",
                "id": "722",
              },
            },
            Object {
              "node": Object {
                "content": "maiores et voluptas explicabo omnis iusto doloremque",
                "id": "294",
              },
            },
            Object {
              "node": Object {
                "content": "quia quos sequi molestiae beatae enim necessitatibus",
                "id": "431",
              },
            },
            Object {
              "node": Object {
                "content": "placeat saepe eligendi earum excepturi et laudantium",
                "id": "426",
              },
            },
          ],
        },
      }
    } />
  <Relay(TodoItem)
    todo={
      Object {
        "content": "ullam pariatur quos est quod laborum ea",
        "id": "634",
      }
    }
    user={
      Object {
        "todos": Object {
          "edges": Array [
            Object {
              "node": Object {
                "content": "quo quis molestiae tempora est omnis porro",
                "id": "696",
              },
            },
            Object {
              "node": Object {
                "content": "quos nihil omnis reiciendis velit nobis culpa",
                "id": "719",
              },
            },
            Object {
              "node": Object {
                "content": "qui reprehenderit in nisi et qui quia",
                "id": "481",
              },
            },
            Object {
              "node": Object {
                "content": "dolore veritatis eligendi in deserunt id harum",
                "id": "439",
              },
            },
            Object {
              "node": Object {
                "content": "odio dolor dicta provident quo provident molestiae",
                "id": "182",
              },
            },
            Object {
              "node": Object {
                "content": "ullam pariatur quos est quod laborum ea",
                "id": "634",
              },
            },
            Object {
              "node": Object {
                "content": "esse quia et commodi autem incidunt ut",
                "id": "722",
              },
            },
            Object {
              "node": Object {
                "content": "maiores et voluptas explicabo omnis iusto doloremque",
                "id": "294",
              },
            },
            Object {
              "node": Object {
                "content": "quia quos sequi molestiae beatae enim necessitatibus",
                "id": "431",
              },
            },
            Object {
              "node": Object {
                "content": "placeat saepe eligendi earum excepturi et laudantium",
                "id": "426",
              },
            },
          ],
        },
      }
    } />
  <Relay(TodoItem)
    todo={
      Object {
        "content": "esse quia et commodi autem incidunt ut",
        "id": "722",
      }
    }
    user={
      Object {
        "todos": Object {
          "edges": Array [
            Object {
              "node": Object {
                "content": "quo quis molestiae tempora est omnis porro",
                "id": "696",
              },
            },
            Object {
              "node": Object {
                "content": "quos nihil omnis reiciendis velit nobis culpa",
                "id": "719",
              },
            },
            Object {
              "node": Object {
                "content": "qui reprehenderit in nisi et qui quia",
                "id": "481",
              },
            },
            Object {
              "node": Object {
                "content": "dolore veritatis eligendi in deserunt id harum",
                "id": "439",
              },
            },
            Object {
              "node": Object {
                "content": "odio dolor dicta provident quo provident molestiae",
                "id": "182",
              },
            },
            Object {
              "node": Object {
                "content": "ullam pariatur quos est quod laborum ea",
                "id": "634",
              },
            },
            Object {
              "node": Object {
                "content": "esse quia et commodi autem incidunt ut",
                "id": "722",
              },
            },
            Object {
              "node": Object {
                "content": "maiores et voluptas explicabo omnis iusto doloremque",
                "id": "294",
              },
            },
            Object {
              "node": Object {
                "content": "quia quos sequi molestiae beatae enim necessitatibus",
                "id": "431",
              },
            },
            Object {
              "node": Object {
                "content": "placeat saepe eligendi earum excepturi et laudantium",
                "id": "426",
              },
            },
          ],
        },
      }
    } />
  <Relay(TodoItem)
    todo={
      Object {
        "content": "maiores et voluptas explicabo omnis iusto doloremque",
        "id": "294",
      }
    }
    user={
      Object {
        "todos": Object {
          "edges": Array [
            Object {
              "node": Object {
                "content": "quo quis molestiae tempora est omnis porro",
                "id": "696",
              },
            },
            Object {
              "node": Object {
                "content": "quos nihil omnis reiciendis velit nobis culpa",
                "id": "719",
              },
            },
            Object {
              "node": Object {
                "content": "qui reprehenderit in nisi et qui quia",
                "id": "481",
              },
            },
            Object {
              "node": Object {
                "content": "dolore veritatis eligendi in deserunt id harum",
                "id": "439",
              },
            },
            Object {
              "node": Object {
                "content": "odio dolor dicta provident quo provident molestiae",
                "id": "182",
              },
            },
            Object {
              "node": Object {
                "content": "ullam pariatur quos est quod laborum ea",
                "id": "634",
              },
            },
            Object {
              "node": Object {
                "content": "esse quia et commodi autem incidunt ut",
                "id": "722",
              },
            },
            Object {
              "node": Object {
                "content": "maiores et voluptas explicabo omnis iusto doloremque",
                "id": "294",
              },
            },
            Object {
              "node": Object {
                "content": "quia quos sequi molestiae beatae enim necessitatibus",
                "id": "431",
              },
            },
            Object {
              "node": Object {
                "content": "placeat saepe eligendi earum excepturi et laudantium",
                "id": "426",
              },
            },
          ],
        },
      }
    } />
  <Relay(TodoItem)
    todo={
      Object {
        "content": "quia quos sequi molestiae beatae enim necessitatibus",
        "id": "431",
      }
    }
    user={
      Object {
        "todos": Object {
          "edges": Array [
            Object {
              "node": Object {
                "content": "quo quis molestiae tempora est omnis porro",
                "id": "696",
              },
            },
            Object {
              "node": Object {
                "content": "quos nihil omnis reiciendis velit nobis culpa",
                "id": "719",
              },
            },
            Object {
              "node": Object {
                "content": "qui reprehenderit in nisi et qui quia",
                "id": "481",
              },
            },
            Object {
              "node": Object {
                "content": "dolore veritatis eligendi in deserunt id harum",
                "id": "439",
              },
            },
            Object {
              "node": Object {
                "content": "odio dolor dicta provident quo provident molestiae",
                "id": "182",
              },
            },
            Object {
              "node": Object {
                "content": "ullam pariatur quos est quod laborum ea",
                "id": "634",
              },
            },
            Object {
              "node": Object {
                "content": "esse quia et commodi autem incidunt ut",
                "id": "722",
              },
            },
            Object {
              "node": Object {
                "content": "maiores et voluptas explicabo omnis iusto doloremque",
                "id": "294",
              },
            },
            Object {
              "node": Object {
                "content": "quia quos sequi molestiae beatae enim necessitatibus",
                "id": "431",
              },
            },
            Object {
              "node": Object {
                "content": "placeat saepe eligendi earum excepturi et laudantium",
                "id": "426",
              },
            },
          ],
        },
      }
    } />
  <Relay(TodoItem)
    todo={
      Object {
        "content": "placeat saepe eligendi earum excepturi et laudantium",
        "id": "426",
      }
    }
    user={
      Object {
        "todos": Object {
          "edges": Array [
            Object {
              "node": Object {
                "content": "quo quis molestiae tempora est omnis porro",
                "id": "696",
              },
            },
            Object {
              "node": Object {
                "content": "quos nihil omnis reiciendis velit nobis culpa",
                "id": "719",
              },
            },
            Object {
              "node": Object {
                "content": "qui reprehenderit in nisi et qui quia",
                "id": "481",
              },
            },
            Object {
              "node": Object {
                "content": "dolore veritatis eligendi in deserunt id harum",
                "id": "439",
              },
            },
            Object {
              "node": Object {
                "content": "odio dolor dicta provident quo provident molestiae",
                "id": "182",
              },
            },
            Object {
              "node": Object {
                "content": "ullam pariatur quos est quod laborum ea",
                "id": "634",
              },
            },
            Object {
              "node": Object {
                "content": "esse quia et commodi autem incidunt ut",
                "id": "722",
              },
            },
            Object {
              "node": Object {
                "content": "maiores et voluptas explicabo omnis iusto doloremque",
                "id": "294",
              },
            },
            Object {
              "node": Object {
                "content": "quia quos sequi molestiae beatae enim necessitatibus",
                "id": "431",
              },
            },
            Object {
              "node": Object {
                "content": "placeat saepe eligendi earum excepturi et laudantium",
                "id": "426",
              },
            },
          ],
        },
      }
    } />
</div>
`;
