exports[`TodoForm component Tests with addTodo prop Renders correctly with addTodo prop 1`] = `
<div>
  <h2>
    Todo Form
  </h2>
  <input
    name="content"
    onChange={[Function]}
    type="text"
    value="" />
  <button
    onClick={[Function]}>
    + Todo
  </button>
</div>
`;

exports[`TodoForm component Tests with undefined addTodo prop Renders correctly without addTodo prop 1`] = `
<div>
  <h2>
    Todo Form
  </h2>
  <input
    name="content"
    onChange={[Function]}
    type="text"
    value="" />
  <button
    onClick={[Function]}>
    + Todo
  </button>
</div>
`;
